../Core/Src/main.c:81:5:main	56	static
../Core/Src/main.c:189:6:SystemClock_Config	72	static
../Core/Src/main.c:226:13:MX_I2C1_Init	8	static
../Core/Src/main.c:260:13:MX_I2C2_Init	8	static
../Core/Src/main.c:294:13:MX_TIM3_Init	32	static
../Core/Src/main.c:339:13:MX_USART1_UART_Init	8	static
../Core/Src/main.c:372:13:MX_USART2_UART_Init	8	static
../Core/Src/main.c:405:13:MX_GPIO_Init	40	static
../Core/Src/main.c:468:6:StartDefaultTask	16	static
../Core/Src/main.c:487:6:HAL_TIM_PeriodElapsedCallback	16	static
../Core/Src/main.c:508:6:Error_Handler	4	static,ignoring_inline_asm
