../Core/Src/main.c:85:5:main	56	static
../Core/Src/main.c:188:6:SystemClock_Config	72	static
../Core/Src/main.c:225:13:MX_I2C1_Init	8	static
../Core/Src/main.c:259:13:MX_I2C2_Init	8	static
../Core/Src/main.c:293:13:MX_TIM3_Init	32	static
../Core/Src/main.c:338:13:MX_USART1_UART_Init	8	static
../Core/Src/main.c:371:13:MX_USART2_UART_Init	8	static
../Core/Src/main.c:404:13:MX_GPIO_Init	40	static
../Core/Src/main.c:473:6:StartDefaultTask	16	static
../Core/Src/main.c:492:6:HAL_TIM_PeriodElapsedCallback	16	static
../Core/Src/main.c:513:6:Error_Handler	4	static,ignoring_inline_asm
