../Core/Src/myMain.cpp:58:6:void controlSemaphore()	8	static
../Core/Src/myMain.cpp:105:6:void startAllTask()	16	static
../Core/Src/myMain.cpp:117:6:void startIMUTask(void*)	16	static
../Core/Src/myMain.cpp:121:6:void startBMETask(void*)	16	static
../Core/Src/myMain.cpp:125:6:void startGPSTask(void*)	16	static
../Core/Src/myMain.cpp:129:6:void startLoraTask(void*)	16	static
../Core/Src/myMain.cpp:133:6:void startPM25Task(void*)	16	static
../Core/Src/myMain.cpp:137:6:void startMICRTask(void*)	16	static
