D:/ProjectTKVT/FinalTKVT/projectTKVT/Application/Inc/Libs/sensor/../checksum.h:35:20:void crc_accumulate(uint8_t, uint16_t*)	24	static
D:/ProjectTKVT/FinalTKVT/projectTKVT/Application/Inc/Libs/sensor/../checksum.h:52:20:void crc_init(uint16_t*)	16	static
D:/ProjectTKVT/FinalTKVT/projectTKVT/Application/Inc/Libs/sensor/../checksum.h:65:24:uint16_t crc_calculate(const uint8_t*, uint16_t)	24	static
D:/ProjectTKVT/FinalTKVT/projectTKVT/Application/Inc/Libs/sensor/../checksum.h:85:20:void crc_accumulate_buffer(uint16_t*, const char*, uint16_t)	32	static
D:/ProjectTKVT/FinalTKVT/projectTKVT/Application/Inc/Libs/sensor/../mavlink_sha256.h:91:21:void mavlink_sha256_init(mavlink_sha256_ctx*)	16	static
D:/ProjectTKVT/FinalTKVT/projectTKVT/Application/Inc/Libs/sensor/../mavlink_sha256.h:105:20:void mavlink_sha256_calc(mavlink_sha256_ctx*, uint32_t*)	320	static
D:/ProjectTKVT/FinalTKVT/projectTKVT/Application/Inc/Libs/sensor/../mavlink_sha256.h:152:21:void mavlink_sha256_update(mavlink_sha256_ctx*, const void*, uint32_t)	120	static
D:/ProjectTKVT/FinalTKVT/projectTKVT/Application/Inc/Libs/sensor/../mavlink_sha256.h:192:21:void mavlink_sha256_final_48(mavlink_sha256_ctx*, uint8_t*)	104	static
D:/ProjectTKVT/FinalTKVT/projectTKVT/Application/Inc/Libs/sensor/../mavlink_helpers.h:23:34:mavlink_status_t* mavlink_get_channel_status(uint8_t)	16	static
D:/ProjectTKVT/FinalTKVT/projectTKVT/Application/Inc/Libs/sensor/../mavlink_helpers.h:73:24:uint8_t mavlink_sign_packet(mavlink_signing_t*, uint8_t*, const uint8_t*, uint8_t, const uint8_t*, uint8_t, const uint8_t*)	144	static
D:/ProjectTKVT/FinalTKVT/projectTKVT/Application/Inc/Libs/sensor/../mavlink_helpers.h:111:24:uint8_t _mav_trim_payload(const char*, uint8_t)	16	static
D:/ProjectTKVT/FinalTKVT/projectTKVT/Application/Inc/Libs/sensor/../mavlink_helpers.h:223:25:uint16_t mavlink_finalize_message_buffer(mavlink_message_t*, uint8_t, uint8_t, mavlink_status_t*, uint8_t, uint8_t, uint8_t)	80	static
D:/ProjectTKVT/FinalTKVT/projectTKVT/Application/Inc/Libs/sensor/../mavlink_helpers.h:292:25:uint16_t mavlink_finalize_message_chan(mavlink_message_t*, uint8_t, uint8_t, uint8_t, uint8_t, uint8_t, uint8_t)	40	static
D:/ProjectTKVT/FinalTKVT/projectTKVT/Application/Inc/Libs/sensor/../mavlink_helpers.h:302:25:uint16_t mavlink_finalize_message(mavlink_message_t*, uint8_t, uint8_t, uint8_t, uint8_t, uint8_t)	32	static
D:/ProjectTKVT/FinalTKVT/projectTKVT/Application/Inc/Libs/sensor/../mavlink_helpers.h:447:25:uint16_t mavlink_msg_to_send_buffer(uint8_t*, const mavlink_message_t*)	32	static
D:/ProjectTKVT/FinalTKVT/projectTKVT/Application/Inc/Libs/sensor/./mavlink_msg_sensor_data.h:119:24:uint16_t mavlink_msg_sensor_data_pack(uint8_t, uint8_t, mavlink_message_t*, uint32_t, float, float, float, float, float, float, float, float, float, float, float, float, float, float, float, float, float, uint32_t)	112	static
D:/ProjectTKVT/FinalTKVT/projectTKVT/Application/Inc/Libs/sensor/./mavlink_msg_sensor_data.h:352:24:uint16_t mavlink_msg_sensor_data_encode(uint8_t, uint8_t, mavlink_message_t*, const mavlink_sensor_data_t*)	160	static
../Application/Src/LoraComunicationTask.cpp:3:1:LoraComunicationTask::LoraComunicationTask()	16	static
../Application/Src/LoraComunicationTask.cpp:5:6:void LoraComunicationTask::init()	16	static
../Application/Src/LoraComunicationTask.cpp:11:6:void LoraComunicationTask::startTask()	16	static
../Application/Src/LoraComunicationTask.cpp:19:6:void LoraComunicationTask::processTask()	16	static
../Application/Src/LoraComunicationTask.cpp:36:6:void LoraComunicationTask::giveData()	16	static
