09:31:47 **** Incremental Build of configuration Debug for project projectTKVT ****
make -j20 all 
arm-none-eabi-gcc "../Core/Src/main.c" -mcpu=cortex-m3 -std=gnu11 -g3 -DDEBUG -DUSE_HAL_DRIVER -DSTM32F103xB -c -I../Core/Inc -I../Drivers/STM32F1xx_HAL_Driver/Inc/Legacy -I../Drivers/STM32F1xx_HAL_Driver/Inc -I../Drivers/CMSIS/Device/ST/STM32F1xx/Include -I../Drivers/CMSIS/Include -I../Middlewares/Third_Party/FreeRTOS/Source/include -I../Middlewares/Third_Party/FreeRTOS/Source/CMSIS_RTOS -I../Middlewares/Third_Party/FreeRTOS/Source/portable/GCC/ARM_CM3 -O0 -ffunction-sections -fdata-sections -Wall -fstack-usage -fcyclomatic-complexity -MMD -MP -MF"Core/Src/main.d" -MT"Core/Src/main.o" --specs=nano.specs -mfloat-abi=soft -mthumb -o "Core/Src/main.o"
arm-none-eabi-g++ "../Core/Src/myMain.cpp" -mcpu=cortex-m3 -std=gnu++14 -g3 -DDEBUG -DUSE_HAL_DRIVER -DSTM32F103xB -c -I../Core/Inc -I"D:/ProjectTKVT/FinalTKVT/projectTKVT/Application/Inc/Libs/sensor" -I"D:/ProjectTKVT/FinalTKVT/projectTKVT/Application/Inc/Libs" -I"D:/ProjectTKVT/FinalTKVT/projectTKVT/Application/Inc" -I"D:/ProjectTKVT/FinalTKVT/projectTKVT/Application" -I../Drivers/STM32F1xx_HAL_Driver/Inc/Legacy -I../Drivers/STM32F1xx_HAL_Driver/Inc -I../Drivers/CMSIS/Device/ST/STM32F1xx/Include -I../Drivers/CMSIS/Include -I../Middlewares/Third_Party/FreeRTOS/Source/include -I../Middlewares/Third_Party/FreeRTOS/Source/CMSIS_RTOS -I../Middlewares/Third_Party/FreeRTOS/Source/portable/GCC/ARM_CM3 -O0 -ffunction-sections -fdata-sections -fno-exceptions -fno-rtti -fno-use-cxa-atexit -Wall -fstack-usage -fcyclomatic-complexity -MMD -MP -MF"Core/Src/myMain.d" -MT"Core/Src/myMain.o" --specs=nano.specs -mfloat-abi=soft -mthumb -o "Core/Src/myMain.o"
arm-none-eabi-g++ -o "projectTKVT.elf" @"objects.list"   -mcpu=cortex-m3 -T"D:\ProjectTKVT\FinalTKVT\projectTKVT\STM32F103C8TX_FLASH.ld" --specs=nosys.specs -Wl,-Map="projectTKVT.map" -Wl,--gc-sections -static --specs=nano.specs -mfloat-abi=soft -mthumb -Wl,--start-group -lc -lm -lstdc++ -lsupc++ -Wl,--end-group
Finished building target: projectTKVT.elf
 
arm-none-eabi-size  projectTKVT.elf 
arm-none-eabi-objdump -h -S projectTKVT.elf  > "projectTKVT.list"
   text	   data	    bss	    dec	    hex	filename
  43128	    472	  15760	  59360	   e7e0	projectTKVT.elf
Finished building: default.size.stdout
 
Finished building: projectTKVT.list
 
09:34:04 **** Incremental Build of configuration Debug for project projectTKVT ****
make -j20 all 
arm-none-eabi-g++ "../Application/Src/IMUTask.cpp" -mcpu=cortex-m3 -std=gnu++14 -g3 -DDEBUG -DUSE_HAL_DRIVER -DSTM32F103xB -c -I../Core/Inc -I"D:/ProjectTKVT/FinalTKVT/projectTKVT/Application/Inc/Libs/sensor" -I"D:/ProjectTKVT/FinalTKVT/projectTKVT/Application/Inc/Libs" -I"D:/ProjectTKVT/FinalTKVT/projectTKVT/Application/Inc" -I"D:/ProjectTKVT/FinalTKVT/projectTKVT/Application" -I../Drivers/STM32F1xx_HAL_Driver/Inc/Legacy -I../Drivers/STM32F1xx_HAL_Driver/Inc -I../Drivers/CMSIS/Device/ST/STM32F1xx/Include -I../Drivers/CMSIS/Include -I../Middlewares/Third_Party/FreeRTOS/Source/include -I../Middlewares/Third_Party/FreeRTOS/Source/CMSIS_RTOS -I../Middlewares/Third_Party/FreeRTOS/Source/portable/GCC/ARM_CM3 -O0 -ffunction-sections -fdata-sections -fno-exceptions -fno-rtti -fno-use-cxa-atexit -Wall -fstack-usage -fcyclomatic-complexity -MMD -MP -MF"Application/Src/IMUTask.d" -MT"Application/Src/IMUTask.o" --specs=nano.specs -mfloat-abi=soft -mthumb -o "Application/Src/IMUTask.o"
../Application/Src/IMUTask.cpp: In member function 'void readRawDataIMUTask::readData()':
../Application/Src/IMUTask.cpp:40:41: note: '#pragma message: chua viet ham doc IMU'
   40 | #pragma message ("chua viet ham doc IMU")
      |                                         ^
arm-none-eabi-g++ -o "projectTKVT.elf" @"objects.list"   -mcpu=cortex-m3 -T"D:\ProjectTKVT\FinalTKVT\projectTKVT\STM32F103C8TX_FLASH.ld" --specs=nosys.specs -Wl,-Map="projectTKVT.map" -Wl,--gc-sections -static --specs=nano.specs -mfloat-abi=soft -mthumb -Wl,--start-group -lc -lm -lstdc++ -lsupc++ -Wl,--end-group
Finished building target: projectTKVT.elf
 
arm-none-eabi-size  projectTKVT.elf 
arm-none-eabi-objdump -h -S projectTKVT.elf  > "projectTKVT.list"
   text	   data	    bss	    dec	    hex	filename
  43032	    472	  15760	  59264	   e780	projectTKVT.elf
Finished building: default.size.stdout
 
Finished building: projectTKVT.list
 
09:40:37 **** Incremental Build of configuration Debug for project projectTKVT ****
make -j20 all 
arm-none-eabi-gcc "../Middlewares/Third_Party/FreeRTOS/Source/portable/MemMang/heap_4.c" -mcpu=cortex-m3 -std=gnu11 -g3 -DDEBUG -DUSE_HAL_DRIVER -DSTM32F103xB -c -I../Core/Inc -I../Drivers/STM32F1xx_HAL_Driver/Inc/Legacy -I../Drivers/STM32F1xx_HAL_Driver/Inc -I../Drivers/CMSIS/Device/ST/STM32F1xx/Include -I../Drivers/CMSIS/Include -I../Middlewares/Third_Party/FreeRTOS/Source/include -I../Middlewares/Third_Party/FreeRTOS/Source/CMSIS_RTOS -I../Middlewares/Third_Party/FreeRTOS/Source/portable/GCC/ARM_CM3 -O0 -ffunction-sections -fdata-sections -Wall -fstack-usage -fcyclomatic-complexity -MMD -MP -MF"Middlewares/Third_Party/FreeRTOS/Source/portable/MemMang/heap_4.d" -MT"Middlewares/Third_Party/FreeRTOS/Source/portable/MemMang/heap_4.o" --specs=nano.specs -mfloat-abi=soft -mthumb -o "Middlewares/Third_Party/FreeRTOS/Source/portable/MemMang/heap_4.o"
arm-none-eabi-gcc "../Middlewares/Third_Party/FreeRTOS/Source/portable/GCC/ARM_CM3/port.c" -mcpu=cortex-m3 -std=gnu11 -g3 -DDEBUG -DUSE_HAL_DRIVER -DSTM32F103xB -c -I../Core/Inc -I../Drivers/STM32F1xx_HAL_Driver/Inc/Legacy -I../Drivers/STM32F1xx_HAL_Driver/Inc -I../Drivers/CMSIS/Device/ST/STM32F1xx/Include -I../Drivers/CMSIS/Include -I../Middlewares/Third_Party/FreeRTOS/Source/include -I../Middlewares/Third_Party/FreeRTOS/Source/CMSIS_RTOS -I../Middlewares/Third_Party/FreeRTOS/Source/portable/GCC/ARM_CM3 -O0 -ffunction-sections -fdata-sections -Wall -fstack-usage -fcyclomatic-complexity -MMD -MP -MF"Middlewares/Third_Party/FreeRTOS/Source/portable/GCC/ARM_CM3/port.d" -MT"Middlewares/Third_Party/FreeRTOS/Source/portable/GCC/ARM_CM3/port.o" --specs=nano.specs -mfloat-abi=soft -mthumb -o "Middlewares/Third_Party/FreeRTOS/Source/portable/GCC/ARM_CM3/port.o"
arm-none-eabi-gcc "../Middlewares/Third_Party/FreeRTOS/Source/CMSIS_RTOS/cmsis_os.c" -mcpu=cortex-m3 -std=gnu11 -g3 -DDEBUG -DUSE_HAL_DRIVER -DSTM32F103xB -c -I../Core/Inc -I../Drivers/STM32F1xx_HAL_Driver/Inc/Legacy -I../Drivers/STM32F1xx_HAL_Driver/Inc -I../Drivers/CMSIS/Device/ST/STM32F1xx/Include -I../Drivers/CMSIS/Include -I../Middlewares/Third_Party/FreeRTOS/Source/include -I../Middlewares/Third_Party/FreeRTOS/Source/CMSIS_RTOS -I../Middlewares/Third_Party/FreeRTOS/Source/portable/GCC/ARM_CM3 -O0 -ffunction-sections -fdata-sections -Wall -fstack-usage -fcyclomatic-complexity -MMD -MP -MF"Middlewares/Third_Party/FreeRTOS/Source/CMSIS_RTOS/cmsis_os.d" -MT"Middlewares/Third_Party/FreeRTOS/Source/CMSIS_RTOS/cmsis_os.o" --specs=nano.specs -mfloat-abi=soft -mthumb -o "Middlewares/Third_Party/FreeRTOS/Source/CMSIS_RTOS/cmsis_os.o"
arm-none-eabi-gcc "../Middlewares/Third_Party/FreeRTOS/Source/croutine.c" -mcpu=cortex-m3 -std=gnu11 -g3 -DDEBUG -DUSE_HAL_DRIVER -DSTM32F103xB -c -I../Core/Inc -I../Drivers/STM32F1xx_HAL_Driver/Inc/Legacy -I../Drivers/STM32F1xx_HAL_Driver/Inc -I../Drivers/CMSIS/Device/ST/STM32F1xx/Include -I../Drivers/CMSIS/Include -I../Middlewares/Third_Party/FreeRTOS/Source/include -I../Middlewares/Third_Party/FreeRTOS/Source/CMSIS_RTOS -I../Middlewares/Third_Party/FreeRTOS/Source/portable/GCC/ARM_CM3 -O0 -ffunction-sections -fdata-sections -Wall -fstack-usage -fcyclomatic-complexity -MMD -MP -MF"Middlewares/Third_Party/FreeRTOS/Source/croutine.d" -MT"Middlewares/Third_Party/FreeRTOS/Source/croutine.o" --specs=nano.specs -mfloat-abi=soft -mthumb -o "Middlewares/Third_Party/FreeRTOS/Source/croutine.o"
arm-none-eabi-gcc "../Middlewares/Third_Party/FreeRTOS/Source/event_groups.c" -mcpu=cortex-m3 -std=gnu11 -g3 -DDEBUG -DUSE_HAL_DRIVER -DSTM32F103xB -c -I../Core/Inc -I../Drivers/STM32F1xx_HAL_Driver/Inc/Legacy -I../Drivers/STM32F1xx_HAL_Driver/Inc -I../Drivers/CMSIS/Device/ST/STM32F1xx/Include -I../Drivers/CMSIS/Include -I../Middlewares/Third_Party/FreeRTOS/Source/include -I../Middlewares/Third_Party/FreeRTOS/Source/CMSIS_RTOS -I../Middlewares/Third_Party/FreeRTOS/Source/portable/GCC/ARM_CM3 -O0 -ffunction-sections -fdata-sections -Wall -fstack-usage -fcyclomatic-complexity -MMD -MP -MF"Middlewares/Third_Party/FreeRTOS/Source/event_groups.d" -MT"Middlewares/Third_Party/FreeRTOS/Source/event_groups.o" --specs=nano.specs -mfloat-abi=soft -mthumb -o "Middlewares/Third_Party/FreeRTOS/Source/event_groups.o"
arm-none-eabi-gcc "../Middlewares/Third_Party/FreeRTOS/Source/list.c" -mcpu=cortex-m3 -std=gnu11 -g3 -DDEBUG -DUSE_HAL_DRIVER -DSTM32F103xB -c -I../Core/Inc -I../Drivers/STM32F1xx_HAL_Driver/Inc/Legacy -I../Drivers/STM32F1xx_HAL_Driver/Inc -I../Drivers/CMSIS/Device/ST/STM32F1xx/Include -I../Drivers/CMSIS/Include -I../Middlewares/Third_Party/FreeRTOS/Source/include -I../Middlewares/Third_Party/FreeRTOS/Source/CMSIS_RTOS -I../Middlewares/Third_Party/FreeRTOS/Source/portable/GCC/ARM_CM3 -O0 -ffunction-sections -fdata-sections -Wall -fstack-usage -fcyclomatic-complexity -MMD -MP -MF"Middlewares/Third_Party/FreeRTOS/Source/list.d" -MT"Middlewares/Third_Party/FreeRTOS/Source/list.o" --specs=nano.specs -mfloat-abi=soft -mthumb -o "Middlewares/Third_Party/FreeRTOS/Source/list.o"
arm-none-eabi-gcc "../Middlewares/Third_Party/FreeRTOS/Source/queue.c" -mcpu=cortex-m3 -std=gnu11 -g3 -DDEBUG -DUSE_HAL_DRIVER -DSTM32F103xB -c -I../Core/Inc -I../Drivers/STM32F1xx_HAL_Driver/Inc/Legacy -I../Drivers/STM32F1xx_HAL_Driver/Inc -I../Drivers/CMSIS/Device/ST/STM32F1xx/Include -I../Drivers/CMSIS/Include -I../Middlewares/Third_Party/FreeRTOS/Source/include -I../Middlewares/Third_Party/FreeRTOS/Source/CMSIS_RTOS -I../Middlewares/Third_Party/FreeRTOS/Source/portable/GCC/ARM_CM3 -O0 -ffunction-sections -fdata-sections -Wall -fstack-usage -fcyclomatic-complexity -MMD -MP -MF"Middlewares/Third_Party/FreeRTOS/Source/queue.d" -MT"Middlewares/Third_Party/FreeRTOS/Source/queue.o" --specs=nano.specs -mfloat-abi=soft -mthumb -o "Middlewares/Third_Party/FreeRTOS/Source/queue.o"
arm-none-eabi-gcc "../Middlewares/Third_Party/FreeRTOS/Source/stream_buffer.c" -mcpu=cortex-m3 -std=gnu11 -g3 -DDEBUG -DUSE_HAL_DRIVER -DSTM32F103xB -c -I../Core/Inc -I../Drivers/STM32F1xx_HAL_Driver/Inc/Legacy -I../Drivers/STM32F1xx_HAL_Driver/Inc -I../Drivers/CMSIS/Device/ST/STM32F1xx/Include -I../Drivers/CMSIS/Include -I../Middlewares/Third_Party/FreeRTOS/Source/include -I../Middlewares/Third_Party/FreeRTOS/Source/CMSIS_RTOS -I../Middlewares/Third_Party/FreeRTOS/Source/portable/GCC/ARM_CM3 -O0 -ffunction-sections -fdata-sections -Wall -fstack-usage -fcyclomatic-complexity -MMD -MP -MF"Middlewares/Third_Party/FreeRTOS/Source/stream_buffer.d" -MT"Middlewares/Third_Party/FreeRTOS/Source/stream_buffer.o" --specs=nano.specs -mfloat-abi=soft -mthumb -o "Middlewares/Third_Party/FreeRTOS/Source/stream_buffer.o"
arm-none-eabi-gcc "../Middlewares/Third_Party/FreeRTOS/Source/tasks.c" -mcpu=cortex-m3 -std=gnu11 -g3 -DDEBUG -DUSE_HAL_DRIVER -DSTM32F103xB -c -I../Core/Inc -I../Drivers/STM32F1xx_HAL_Driver/Inc/Legacy -I../Drivers/STM32F1xx_HAL_Driver/Inc -I../Drivers/CMSIS/Device/ST/STM32F1xx/Include -I../Drivers/CMSIS/Include -I../Middlewares/Third_Party/FreeRTOS/Source/include -I../Middlewares/Third_Party/FreeRTOS/Source/CMSIS_RTOS -I../Middlewares/Third_Party/FreeRTOS/Source/portable/GCC/ARM_CM3 -O0 -ffunction-sections -fdata-sections -Wall -fstack-usage -fcyclomatic-complexity -MMD -MP -MF"Middlewares/Third_Party/FreeRTOS/Source/tasks.d" -MT"Middlewares/Third_Party/FreeRTOS/Source/tasks.o" --specs=nano.specs -mfloat-abi=soft -mthumb -o "Middlewares/Third_Party/FreeRTOS/Source/tasks.o"
arm-none-eabi-gcc "../Middlewares/Third_Party/FreeRTOS/Source/timers.c" -mcpu=cortex-m3 -std=gnu11 -g3 -DDEBUG -DUSE_HAL_DRIVER -DSTM32F103xB -c -I../Core/Inc -I../Drivers/STM32F1xx_HAL_Driver/Inc/Legacy -I../Drivers/STM32F1xx_HAL_Driver/Inc -I../Drivers/CMSIS/Device/ST/STM32F1xx/Include -I../Drivers/CMSIS/Include -I../Middlewares/Third_Party/FreeRTOS/Source/include -I../Middlewares/Third_Party/FreeRTOS/Source/CMSIS_RTOS -I../Middlewares/Third_Party/FreeRTOS/Source/portable/GCC/ARM_CM3 -O0 -ffunction-sections -fdata-sections -Wall -fstack-usage -fcyclomatic-complexity -MMD -MP -MF"Middlewares/Third_Party/FreeRTOS/Source/timers.d" -MT"Middlewares/Third_Party/FreeRTOS/Source/timers.o" --specs=nano.specs -mfloat-abi=soft -mthumb -o "Middlewares/Third_Party/FreeRTOS/Source/timers.o"
arm-none-eabi-gcc "../Core/Src/freertos.c" -mcpu=cortex-m3 -std=gnu11 -g3 -DDEBUG -DUSE_HAL_DRIVER -DSTM32F103xB -c -I../Core/Inc -I../Drivers/STM32F1xx_HAL_Driver/Inc/Legacy -I../Drivers/STM32F1xx_HAL_Driver/Inc -I../Drivers/CMSIS/Device/ST/STM32F1xx/Include -I../Drivers/CMSIS/Include -I../Middlewares/Third_Party/FreeRTOS/Source/include -I../Middlewares/Third_Party/FreeRTOS/Source/CMSIS_RTOS -I../Middlewares/Third_Party/FreeRTOS/Source/portable/GCC/ARM_CM3 -O0 -ffunction-sections -fdata-sections -Wall -fstack-usage -fcyclomatic-complexity -MMD -MP -MF"Core/Src/freertos.d" -MT"Core/Src/freertos.o" --specs=nano.specs -mfloat-abi=soft -mthumb -o "Core/Src/freertos.o"
arm-none-eabi-gcc "../Core/Src/main.c" -mcpu=cortex-m3 -std=gnu11 -g3 -DDEBUG -DUSE_HAL_DRIVER -DSTM32F103xB -c -I../Core/Inc -I../Drivers/STM32F1xx_HAL_Driver/Inc/Legacy -I../Drivers/STM32F1xx_HAL_Driver/Inc -I../Drivers/CMSIS/Device/ST/STM32F1xx/Include -I../Drivers/CMSIS/Include -I../Middlewares/Third_Party/FreeRTOS/Source/include -I../Middlewares/Third_Party/FreeRTOS/Source/CMSIS_RTOS -I../Middlewares/Third_Party/FreeRTOS/Source/portable/GCC/ARM_CM3 -O0 -ffunction-sections -fdata-sections -Wall -fstack-usage -fcyclomatic-complexity -MMD -MP -MF"Core/Src/main.d" -MT"Core/Src/main.o" --specs=nano.specs -mfloat-abi=soft -mthumb -o "Core/Src/main.o"
arm-none-eabi-g++ "../Core/Src/myMain.cpp" -mcpu=cortex-m3 -std=gnu++14 -g3 -DDEBUG -DUSE_HAL_DRIVER -DSTM32F103xB -c -I../Core/Inc -I"D:/ProjectTKVT/FinalTKVT/projectTKVT/Application/Inc/Libs/sensor" -I"D:/ProjectTKVT/FinalTKVT/projectTKVT/Application/Inc/Libs" -I"D:/ProjectTKVT/FinalTKVT/projectTKVT/Application/Inc" -I"D:/ProjectTKVT/FinalTKVT/projectTKVT/Application" -I../Drivers/STM32F1xx_HAL_Driver/Inc/Legacy -I../Drivers/STM32F1xx_HAL_Driver/Inc -I../Drivers/CMSIS/Device/ST/STM32F1xx/Include -I../Drivers/CMSIS/Include -I../Middlewares/Third_Party/FreeRTOS/Source/include -I../Middlewares/Third_Party/FreeRTOS/Source/CMSIS_RTOS -I../Middlewares/Third_Party/FreeRTOS/Source/portable/GCC/ARM_CM3 -O0 -ffunction-sections -fdata-sections -fno-exceptions -fno-rtti -fno-use-cxa-atexit -Wall -fstack-usage -fcyclomatic-complexity -MMD -MP -MF"Core/Src/myMain.d" -MT"Core/Src/myMain.o" --specs=nano.specs -mfloat-abi=soft -mthumb -o "Core/Src/myMain.o"
arm-none-eabi-g++ "../Application/Src/BME280Task.cpp" -mcpu=cortex-m3 -std=gnu++14 -g3 -DDEBUG -DUSE_HAL_DRIVER -DSTM32F103xB -c -I../Core/Inc -I"D:/ProjectTKVT/FinalTKVT/projectTKVT/Application/Inc/Libs/sensor" -I"D:/ProjectTKVT/FinalTKVT/projectTKVT/Application/Inc/Libs" -I"D:/ProjectTKVT/FinalTKVT/projectTKVT/Application/Inc" -I"D:/ProjectTKVT/FinalTKVT/projectTKVT/Application" -I../Drivers/STM32F1xx_HAL_Driver/Inc/Legacy -I../Drivers/STM32F1xx_HAL_Driver/Inc -I../Drivers/CMSIS/Device/ST/STM32F1xx/Include -I../Drivers/CMSIS/Include -I../Middlewares/Third_Party/FreeRTOS/Source/include -I../Middlewares/Third_Party/FreeRTOS/Source/CMSIS_RTOS -I../Middlewares/Third_Party/FreeRTOS/Source/portable/GCC/ARM_CM3 -O0 -ffunction-sections -fdata-sections -fno-exceptions -fno-rtti -fno-use-cxa-atexit -Wall -fstack-usage -fcyclomatic-complexity -MMD -MP -MF"Application/Src/BME280Task.d" -MT"Application/Src/BME280Task.o" --specs=nano.specs -mfloat-abi=soft -mthumb -o "Application/Src/BME280Task.o"
arm-none-eabi-g++ "../Application/Src/GPSTask.cpp" -mcpu=cortex-m3 -std=gnu++14 -g3 -DDEBUG -DUSE_HAL_DRIVER -DSTM32F103xB -c -I../Core/Inc -I"D:/ProjectTKVT/FinalTKVT/projectTKVT/Application/Inc/Libs/sensor" -I"D:/ProjectTKVT/FinalTKVT/projectTKVT/Application/Inc/Libs" -I"D:/ProjectTKVT/FinalTKVT/projectTKVT/Application/Inc" -I"D:/ProjectTKVT/FinalTKVT/projectTKVT/Application" -I../Drivers/STM32F1xx_HAL_Driver/Inc/Legacy -I../Drivers/STM32F1xx_HAL_Driver/Inc -I../Drivers/CMSIS/Device/ST/STM32F1xx/Include -I../Drivers/CMSIS/Include -I../Middlewares/Third_Party/FreeRTOS/Source/include -I../Middlewares/Third_Party/FreeRTOS/Source/CMSIS_RTOS -I../Middlewares/Third_Party/FreeRTOS/Source/portable/GCC/ARM_CM3 -O0 -ffunction-sections -fdata-sections -fno-exceptions -fno-rtti -fno-use-cxa-atexit -Wall -fstack-usage -fcyclomatic-complexity -MMD -MP -MF"Application/Src/GPSTask.d" -MT"Application/Src/GPSTask.o" --specs=nano.specs -mfloat-abi=soft -mthumb -o "Application/Src/GPSTask.o"
arm-none-eabi-g++ "../Application/Src/IMUTask.cpp" -mcpu=cortex-m3 -std=gnu++14 -g3 -DDEBUG -DUSE_HAL_DRIVER -DSTM32F103xB -c -I../Core/Inc -I"D:/ProjectTKVT/FinalTKVT/projectTKVT/Application/Inc/Libs/sensor" -I"D:/ProjectTKVT/FinalTKVT/projectTKVT/Application/Inc/Libs" -I"D:/ProjectTKVT/FinalTKVT/projectTKVT/Application/Inc" -I"D:/ProjectTKVT/FinalTKVT/projectTKVT/Application" -I../Drivers/STM32F1xx_HAL_Driver/Inc/Legacy -I../Drivers/STM32F1xx_HAL_Driver/Inc -I../Drivers/CMSIS/Device/ST/STM32F1xx/Include -I../Drivers/CMSIS/Include -I../Middlewares/Third_Party/FreeRTOS/Source/include -I../Middlewares/Third_Party/FreeRTOS/Source/CMSIS_RTOS -I../Middlewares/Third_Party/FreeRTOS/Source/portable/GCC/ARM_CM3 -O0 -ffunction-sections -fdata-sections -fno-exceptions -fno-rtti -fno-use-cxa-atexit -Wall -fstack-usage -fcyclomatic-complexity -MMD -MP -MF"Application/Src/IMUTask.d" -MT"Application/Src/IMUTask.o" --specs=nano.specs -mfloat-abi=soft -mthumb -o "Application/Src/IMUTask.o"
arm-none-eabi-g++ "../Application/Src/LoraComunicationTask.cpp" -mcpu=cortex-m3 -std=gnu++14 -g3 -DDEBUG -DUSE_HAL_DRIVER -DSTM32F103xB -c -I../Core/Inc -I"D:/ProjectTKVT/FinalTKVT/projectTKVT/Application/Inc/Libs/sensor" -I"D:/ProjectTKVT/FinalTKVT/projectTKVT/Application/Inc/Libs" -I"D:/ProjectTKVT/FinalTKVT/projectTKVT/Application/Inc" -I"D:/ProjectTKVT/FinalTKVT/projectTKVT/Application" -I../Drivers/STM32F1xx_HAL_Driver/Inc/Legacy -I../Drivers/STM32F1xx_HAL_Driver/Inc -I../Drivers/CMSIS/Device/ST/STM32F1xx/Include -I../Drivers/CMSIS/Include -I../Middlewares/Third_Party/FreeRTOS/Source/include -I../Middlewares/Third_Party/FreeRTOS/Source/CMSIS_RTOS -I../Middlewares/Third_Party/FreeRTOS/Source/portable/GCC/ARM_CM3 -O0 -ffunction-sections -fdata-sections -fno-exceptions -fno-rtti -fno-use-cxa-atexit -Wall -fstack-usage -fcyclomatic-complexity -MMD -MP -MF"Application/Src/LoraComunicationTask.d" -MT"Application/Src/LoraComunicationTask.o" --specs=nano.specs -mfloat-abi=soft -mthumb -o "Application/Src/LoraComunicationTask.o"
arm-none-eabi-g++ "../Application/Src/MicroSDTask.cpp" -mcpu=cortex-m3 -std=gnu++14 -g3 -DDEBUG -DUSE_HAL_DRIVER -DSTM32F103xB -c -I../Core/Inc -I"D:/ProjectTKVT/FinalTKVT/projectTKVT/Application/Inc/Libs/sensor" -I"D:/ProjectTKVT/FinalTKVT/projectTKVT/Application/Inc/Libs" -I"D:/ProjectTKVT/FinalTKVT/projectTKVT/Application/Inc" -I"D:/ProjectTKVT/FinalTKVT/projectTKVT/Application" -I../Drivers/STM32F1xx_HAL_Driver/Inc/Legacy -I../Drivers/STM32F1xx_HAL_Driver/Inc -I../Drivers/CMSIS/Device/ST/STM32F1xx/Include -I../Drivers/CMSIS/Include -I../Middlewares/Third_Party/FreeRTOS/Source/include -I../Middlewares/Third_Party/FreeRTOS/Source/CMSIS_RTOS -I../Middlewares/Third_Party/FreeRTOS/Source/portable/GCC/ARM_CM3 -O0 -ffunction-sections -fdata-sections -fno-exceptions -fno-rtti -fno-use-cxa-atexit -Wall -fstack-usage -fcyclomatic-complexity -MMD -MP -MF"Application/Src/MicroSDTask.d" -MT"Application/Src/MicroSDTask.o" --specs=nano.specs -mfloat-abi=soft -mthumb -o "Application/Src/MicroSDTask.o"
arm-none-eabi-g++ "../Application/Src/PM25Task.cpp" -mcpu=cortex-m3 -std=gnu++14 -g3 -DDEBUG -DUSE_HAL_DRIVER -DSTM32F103xB -c -I../Core/Inc -I"D:/ProjectTKVT/FinalTKVT/projectTKVT/Application/Inc/Libs/sensor" -I"D:/ProjectTKVT/FinalTKVT/projectTKVT/Application/Inc/Libs" -I"D:/ProjectTKVT/FinalTKVT/projectTKVT/Application/Inc" -I"D:/ProjectTKVT/FinalTKVT/projectTKVT/Application" -I../Drivers/STM32F1xx_HAL_Driver/Inc/Legacy -I../Drivers/STM32F1xx_HAL_Driver/Inc -I../Drivers/CMSIS/Device/ST/STM32F1xx/Include -I../Drivers/CMSIS/Include -I../Middlewares/Third_Party/FreeRTOS/Source/include -I../Middlewares/Third_Party/FreeRTOS/Source/CMSIS_RTOS -I../Middlewares/Third_Party/FreeRTOS/Source/portable/GCC/ARM_CM3 -O0 -ffunction-sections -fdata-sections -fno-exceptions -fno-rtti -fno-use-cxa-atexit -Wall -fstack-usage -fcyclomatic-complexity -MMD -MP -MF"Application/Src/PM25Task.d" -MT"Application/Src/PM25Task.o" --specs=nano.specs -mfloat-abi=soft -mthumb -o "Application/Src/PM25Task.o"
arm-none-eabi-g++ "../Application/Src/common.cpp" -mcpu=cortex-m3 -std=gnu++14 -g3 -DDEBUG -DUSE_HAL_DRIVER -DSTM32F103xB -c -I../Core/Inc -I"D:/ProjectTKVT/FinalTKVT/projectTKVT/Application/Inc/Libs/sensor" -I"D:/ProjectTKVT/FinalTKVT/projectTKVT/Application/Inc/Libs" -I"D:/ProjectTKVT/FinalTKVT/projectTKVT/Application/Inc" -I"D:/ProjectTKVT/FinalTKVT/projectTKVT/Application" -I../Drivers/STM32F1xx_HAL_Driver/Inc/Legacy -I../Drivers/STM32F1xx_HAL_Driver/Inc -I../Drivers/CMSIS/Device/ST/STM32F1xx/Include -I../Drivers/CMSIS/Include -I../Middlewares/Third_Party/FreeRTOS/Source/include -I../Middlewares/Third_Party/FreeRTOS/Source/CMSIS_RTOS -I../Middlewares/Third_Party/FreeRTOS/Source/portable/GCC/ARM_CM3 -O0 -ffunction-sections -fdata-sections -fno-exceptions -fno-rtti -fno-use-cxa-atexit -Wall -fstack-usage -fcyclomatic-complexity -MMD -MP -MF"Application/Src/common.d" -MT"Application/Src/common.o" --specs=nano.specs -mfloat-abi=soft -mthumb -o "Application/Src/common.o"
../Application/Src/BME280Task.cpp: In member function 'void readBME280Task::readData()':
../Application/Src/BME280Task.cpp:39:41: note: '#pragma message: chưa viết hàm đọc BME'
   39 | #pragma message ("chưa viết hàm đọc BME")
      |                                         ^
../Application/Src/PM25Task.cpp: In member function 'void readPM25Task::readData()':
../Application/Src/PM25Task.cpp:35:42: note: '#pragma message: Chưa viết hàm đọc Pm25'
   35 | #pragma message ("Chưa viết hàm đọc Pm25")
      |                                          ^
../Application/Src/IMUTask.cpp: In member function 'void readRawDataIMUTask::readData()':
../Application/Src/IMUTask.cpp:40:41: note: '#pragma message: chua viet ham doc IMU'
   40 | #pragma message ("chua viet ham doc IMU")
      |                                         ^
../Application/Src/MicroSDTask.cpp: In member function 'void logDataTask::processTask()':
../Application/Src/MicroSDTask.cpp:22:42: note: '#pragma message: chưa viết hàm log data'
   22 | #pragma message ("chưa viết hàm log data")
      |                                          ^
arm-none-eabi-g++ -o "projectTKVT.elf" @"objects.list"   -mcpu=cortex-m3 -T"D:\ProjectTKVT\FinalTKVT\projectTKVT\STM32F103C8TX_FLASH.ld" --specs=nosys.specs -Wl,-Map="projectTKVT.map" -Wl,--gc-sections -static --specs=nano.specs -mfloat-abi=soft -mthumb -Wl,--start-group -lc -lm -lstdc++ -lsupc++ -Wl,--end-group
Finished building target: projectTKVT.elf
 
arm-none-eabi-size  projectTKVT.elf 
arm-none-eabi-objdump -h -S projectTKVT.elf  > "projectTKVT.list"
   text	   data	    bss	    dec	    hex	filename
  43488	    472	  15760	  59720	   e948	projectTKVT.elf
Finished building: default.size.stdout
 
Finished building: projectTKVT.list
 
09:42:53 **** Incremental Build of configuration Debug for project projectTKVT ****
make -j20 all 
arm-none-eabi-gcc "../Core/Src/main.c" -mcpu=cortex-m3 -std=gnu11 -g3 -DDEBUG -DUSE_HAL_DRIVER -DSTM32F103xB -c -I../Core/Inc -I../Drivers/STM32F1xx_HAL_Driver/Inc/Legacy -I../Drivers/STM32F1xx_HAL_Driver/Inc -I../Drivers/CMSIS/Device/ST/STM32F1xx/Include -I../Drivers/CMSIS/Include -I../Middlewares/Third_Party/FreeRTOS/Source/include -I../Middlewares/Third_Party/FreeRTOS/Source/CMSIS_RTOS -I../Middlewares/Third_Party/FreeRTOS/Source/portable/GCC/ARM_CM3 -O0 -ffunction-sections -fdata-sections -Wall -fstack-usage -fcyclomatic-complexity -MMD -MP -MF"Core/Src/main.d" -MT"Core/Src/main.o" --specs=nano.specs -mfloat-abi=soft -mthumb -o "Core/Src/main.o"
arm-none-eabi-g++ -o "projectTKVT.elf" @"objects.list"   -mcpu=cortex-m3 -T"D:\ProjectTKVT\FinalTKVT\projectTKVT\STM32F103C8TX_FLASH.ld" --specs=nosys.specs -Wl,-Map="projectTKVT.map" -Wl,--gc-sections -static --specs=nano.specs -mfloat-abi=soft -mthumb -Wl,--start-group -lc -lm -lstdc++ -lsupc++ -Wl,--end-group
Finished building target: projectTKVT.elf
 
arm-none-eabi-size  projectTKVT.elf 
arm-none-eabi-objdump -h -S projectTKVT.elf  > "projectTKVT.list"
   text	   data	    bss	    dec	    hex	filename
  43032	    472	  15760	  59264	   e780	projectTKVT.elf
Finished building: default.size.stdout
 
Finished building: projectTKVT.list
 
09:46:08 **** Incremental Build of configuration Debug for project projectTKVT ****
make -j20 all 
arm-none-eabi-gcc "../Core/Src/main.c" -mcpu=cortex-m3 -std=gnu11 -g3 -DDEBUG -DUSE_HAL_DRIVER -DSTM32F103xB -c -I../Core/Inc -I../Drivers/STM32F1xx_HAL_Driver/Inc/Legacy -I../Drivers/STM32F1xx_HAL_Driver/Inc -I../Drivers/CMSIS/Device/ST/STM32F1xx/Include -I../Drivers/CMSIS/Include -I../Middlewares/Third_Party/FreeRTOS/Source/include -I../Middlewares/Third_Party/FreeRTOS/Source/CMSIS_RTOS -I../Middlewares/Third_Party/FreeRTOS/Source/portable/GCC/ARM_CM3 -O0 -ffunction-sections -fdata-sections -Wall -fstack-usage -fcyclomatic-complexity -MMD -MP -MF"Core/Src/main.d" -MT"Core/Src/main.o" --specs=nano.specs -mfloat-abi=soft -mthumb -o "Core/Src/main.o"
arm-none-eabi-g++ -o "projectTKVT.elf" @"objects.list"   -mcpu=cortex-m3 -T"D:\ProjectTKVT\FinalTKVT\projectTKVT\STM32F103C8TX_FLASH.ld" --specs=nosys.specs -Wl,-Map="projectTKVT.map" -Wl,--gc-sections -static --specs=nano.specs -mfloat-abi=soft -mthumb -Wl,--start-group -lc -lm -lstdc++ -lsupc++ -Wl,--end-group
Finished building target: projectTKVT.elf
 
arm-none-eabi-size  projectTKVT.elf 
arm-none-eabi-objdump -h -S projectTKVT.elf  > "projectTKVT.list"
   text	   data	    bss	    dec	    hex	filename
  43048	    472	  15760	  59280	   e790	projectTKVT.elf
Finished building: default.size.stdout
 
Finished building: projectTKVT.list
 
09:53:30 **** Incremental Build of configuration Debug for project projectTKVT ****
make -j20 all 
arm-none-eabi-size  projectTKVT.elf 
   text	   data	    bss	    dec	    hex	filename
  43048	    472	  15760	  59280	   e790	projectTKVT.elf
Finished building: default.size.stdout
 
09:54:04 **** Incremental Build of configuration Debug for project projectTKVT ****
make -j20 all 
arm-none-eabi-gcc "../Middlewares/Third_Party/FreeRTOS/Source/portable/MemMang/heap_4.c" -mcpu=cortex-m3 -std=gnu11 -g3 -DDEBUG -DUSE_HAL_DRIVER -DSTM32F103xB -c -I../Core/Inc -I../Drivers/STM32F1xx_HAL_Driver/Inc/Legacy -I../Drivers/STM32F1xx_HAL_Driver/Inc -I../Drivers/CMSIS/Device/ST/STM32F1xx/Include -I../Drivers/CMSIS/Include -I../Middlewares/Third_Party/FreeRTOS/Source/include -I../Middlewares/Third_Party/FreeRTOS/Source/CMSIS_RTOS -I../Middlewares/Third_Party/FreeRTOS/Source/portable/GCC/ARM_CM3 -O0 -ffunction-sections -fdata-sections -Wall -fstack-usage -fcyclomatic-complexity -MMD -MP -MF"Middlewares/Third_Party/FreeRTOS/Source/portable/MemMang/heap_4.d" -MT"Middlewares/Third_Party/FreeRTOS/Source/portable/MemMang/heap_4.o" --specs=nano.specs -mfloat-abi=soft -mthumb -o "Middlewares/Third_Party/FreeRTOS/Source/portable/MemMang/heap_4.o"
arm-none-eabi-gcc "../Middlewares/Third_Party/FreeRTOS/Source/portable/GCC/ARM_CM3/port.c" -mcpu=cortex-m3 -std=gnu11 -g3 -DDEBUG -DUSE_HAL_DRIVER -DSTM32F103xB -c -I../Core/Inc -I../Drivers/STM32F1xx_HAL_Driver/Inc/Legacy -I../Drivers/STM32F1xx_HAL_Driver/Inc -I../Drivers/CMSIS/Device/ST/STM32F1xx/Include -I../Drivers/CMSIS/Include -I../Middlewares/Third_Party/FreeRTOS/Source/include -I../Middlewares/Third_Party/FreeRTOS/Source/CMSIS_RTOS -I../Middlewares/Third_Party/FreeRTOS/Source/portable/GCC/ARM_CM3 -O0 -ffunction-sections -fdata-sections -Wall -fstack-usage -fcyclomatic-complexity -MMD -MP -MF"Middlewares/Third_Party/FreeRTOS/Source/portable/GCC/ARM_CM3/port.d" -MT"Middlewares/Third_Party/FreeRTOS/Source/portable/GCC/ARM_CM3/port.o" --specs=nano.specs -mfloat-abi=soft -mthumb -o "Middlewares/Third_Party/FreeRTOS/Source/portable/GCC/ARM_CM3/port.o"
arm-none-eabi-gcc "../Middlewares/Third_Party/FreeRTOS/Source/CMSIS_RTOS/cmsis_os.c" -mcpu=cortex-m3 -std=gnu11 -g3 -DDEBUG -DUSE_HAL_DRIVER -DSTM32F103xB -c -I../Core/Inc -I../Drivers/STM32F1xx_HAL_Driver/Inc/Legacy -I../Drivers/STM32F1xx_HAL_Driver/Inc -I../Drivers/CMSIS/Device/ST/STM32F1xx/Include -I../Drivers/CMSIS/Include -I../Middlewares/Third_Party/FreeRTOS/Source/include -I../Middlewares/Third_Party/FreeRTOS/Source/CMSIS_RTOS -I../Middlewares/Third_Party/FreeRTOS/Source/portable/GCC/ARM_CM3 -O0 -ffunction-sections -fdata-sections -Wall -fstack-usage -fcyclomatic-complexity -MMD -MP -MF"Middlewares/Third_Party/FreeRTOS/Source/CMSIS_RTOS/cmsis_os.d" -MT"Middlewares/Third_Party/FreeRTOS/Source/CMSIS_RTOS/cmsis_os.o" --specs=nano.specs -mfloat-abi=soft -mthumb -o "Middlewares/Third_Party/FreeRTOS/Source/CMSIS_RTOS/cmsis_os.o"
arm-none-eabi-gcc "../Middlewares/Third_Party/FreeRTOS/Source/croutine.c" -mcpu=cortex-m3 -std=gnu11 -g3 -DDEBUG -DUSE_HAL_DRIVER -DSTM32F103xB -c -I../Core/Inc -I../Drivers/STM32F1xx_HAL_Driver/Inc/Legacy -I../Drivers/STM32F1xx_HAL_Driver/Inc -I../Drivers/CMSIS/Device/ST/STM32F1xx/Include -I../Drivers/CMSIS/Include -I../Middlewares/Third_Party/FreeRTOS/Source/include -I../Middlewares/Third_Party/FreeRTOS/Source/CMSIS_RTOS -I../Middlewares/Third_Party/FreeRTOS/Source/portable/GCC/ARM_CM3 -O0 -ffunction-sections -fdata-sections -Wall -fstack-usage -fcyclomatic-complexity -MMD -MP -MF"Middlewares/Third_Party/FreeRTOS/Source/croutine.d" -MT"Middlewares/Third_Party/FreeRTOS/Source/croutine.o" --specs=nano.specs -mfloat-abi=soft -mthumb -o "Middlewares/Third_Party/FreeRTOS/Source/croutine.o"
arm-none-eabi-gcc "../Middlewares/Third_Party/FreeRTOS/Source/event_groups.c" -mcpu=cortex-m3 -std=gnu11 -g3 -DDEBUG -DUSE_HAL_DRIVER -DSTM32F103xB -c -I../Core/Inc -I../Drivers/STM32F1xx_HAL_Driver/Inc/Legacy -I../Drivers/STM32F1xx_HAL_Driver/Inc -I../Drivers/CMSIS/Device/ST/STM32F1xx/Include -I../Drivers/CMSIS/Include -I../Middlewares/Third_Party/FreeRTOS/Source/include -I../Middlewares/Third_Party/FreeRTOS/Source/CMSIS_RTOS -I../Middlewares/Third_Party/FreeRTOS/Source/portable/GCC/ARM_CM3 -O0 -ffunction-sections -fdata-sections -Wall -fstack-usage -fcyclomatic-complexity -MMD -MP -MF"Middlewares/Third_Party/FreeRTOS/Source/event_groups.d" -MT"Middlewares/Third_Party/FreeRTOS/Source/event_groups.o" --specs=nano.specs -mfloat-abi=soft -mthumb -o "Middlewares/Third_Party/FreeRTOS/Source/event_groups.o"
arm-none-eabi-gcc "../Middlewares/Third_Party/FreeRTOS/Source/list.c" -mcpu=cortex-m3 -std=gnu11 -g3 -DDEBUG -DUSE_HAL_DRIVER -DSTM32F103xB -c -I../Core/Inc -I../Drivers/STM32F1xx_HAL_Driver/Inc/Legacy -I../Drivers/STM32F1xx_HAL_Driver/Inc -I../Drivers/CMSIS/Device/ST/STM32F1xx/Include -I../Drivers/CMSIS/Include -I../Middlewares/Third_Party/FreeRTOS/Source/include -I../Middlewares/Third_Party/FreeRTOS/Source/CMSIS_RTOS -I../Middlewares/Third_Party/FreeRTOS/Source/portable/GCC/ARM_CM3 -O0 -ffunction-sections -fdata-sections -Wall -fstack-usage -fcyclomatic-complexity -MMD -MP -MF"Middlewares/Third_Party/FreeRTOS/Source/list.d" -MT"Middlewares/Third_Party/FreeRTOS/Source/list.o" --specs=nano.specs -mfloat-abi=soft -mthumb -o "Middlewares/Third_Party/FreeRTOS/Source/list.o"
arm-none-eabi-gcc "../Middlewares/Third_Party/FreeRTOS/Source/queue.c" -mcpu=cortex-m3 -std=gnu11 -g3 -DDEBUG -DUSE_HAL_DRIVER -DSTM32F103xB -c -I../Core/Inc -I../Drivers/STM32F1xx_HAL_Driver/Inc/Legacy -I../Drivers/STM32F1xx_HAL_Driver/Inc -I../Drivers/CMSIS/Device/ST/STM32F1xx/Include -I../Drivers/CMSIS/Include -I../Middlewares/Third_Party/FreeRTOS/Source/include -I../Middlewares/Third_Party/FreeRTOS/Source/CMSIS_RTOS -I../Middlewares/Third_Party/FreeRTOS/Source/portable/GCC/ARM_CM3 -O0 -ffunction-sections -fdata-sections -Wall -fstack-usage -fcyclomatic-complexity -MMD -MP -MF"Middlewares/Third_Party/FreeRTOS/Source/queue.d" -MT"Middlewares/Third_Party/FreeRTOS/Source/queue.o" --specs=nano.specs -mfloat-abi=soft -mthumb -o "Middlewares/Third_Party/FreeRTOS/Source/queue.o"
arm-none-eabi-gcc "../Middlewares/Third_Party/FreeRTOS/Source/stream_buffer.c" -mcpu=cortex-m3 -std=gnu11 -g3 -DDEBUG -DUSE_HAL_DRIVER -DSTM32F103xB -c -I../Core/Inc -I../Drivers/STM32F1xx_HAL_Driver/Inc/Legacy -I../Drivers/STM32F1xx_HAL_Driver/Inc -I../Drivers/CMSIS/Device/ST/STM32F1xx/Include -I../Drivers/CMSIS/Include -I../Middlewares/Third_Party/FreeRTOS/Source/include -I../Middlewares/Third_Party/FreeRTOS/Source/CMSIS_RTOS -I../Middlewares/Third_Party/FreeRTOS/Source/portable/GCC/ARM_CM3 -O0 -ffunction-sections -fdata-sections -Wall -fstack-usage -fcyclomatic-complexity -MMD -MP -MF"Middlewares/Third_Party/FreeRTOS/Source/stream_buffer.d" -MT"Middlewares/Third_Party/FreeRTOS/Source/stream_buffer.o" --specs=nano.specs -mfloat-abi=soft -mthumb -o "Middlewares/Third_Party/FreeRTOS/Source/stream_buffer.o"
arm-none-eabi-gcc "../Middlewares/Third_Party/FreeRTOS/Source/tasks.c" -mcpu=cortex-m3 -std=gnu11 -g3 -DDEBUG -DUSE_HAL_DRIVER -DSTM32F103xB -c -I../Core/Inc -I../Drivers/STM32F1xx_HAL_Driver/Inc/Legacy -I../Drivers/STM32F1xx_HAL_Driver/Inc -I../Drivers/CMSIS/Device/ST/STM32F1xx/Include -I../Drivers/CMSIS/Include -I../Middlewares/Third_Party/FreeRTOS/Source/include -I../Middlewares/Third_Party/FreeRTOS/Source/CMSIS_RTOS -I../Middlewares/Third_Party/FreeRTOS/Source/portable/GCC/ARM_CM3 -O0 -ffunction-sections -fdata-sections -Wall -fstack-usage -fcyclomatic-complexity -MMD -MP -MF"Middlewares/Third_Party/FreeRTOS/Source/tasks.d" -MT"Middlewares/Third_Party/FreeRTOS/Source/tasks.o" --specs=nano.specs -mfloat-abi=soft -mthumb -o "Middlewares/Third_Party/FreeRTOS/Source/tasks.o"
arm-none-eabi-gcc "../Middlewares/Third_Party/FreeRTOS/Source/timers.c" -mcpu=cortex-m3 -std=gnu11 -g3 -DDEBUG -DUSE_HAL_DRIVER -DSTM32F103xB -c -I../Core/Inc -I../Drivers/STM32F1xx_HAL_Driver/Inc/Legacy -I../Drivers/STM32F1xx_HAL_Driver/Inc -I../Drivers/CMSIS/Device/ST/STM32F1xx/Include -I../Drivers/CMSIS/Include -I../Middlewares/Third_Party/FreeRTOS/Source/include -I../Middlewares/Third_Party/FreeRTOS/Source/CMSIS_RTOS -I../Middlewares/Third_Party/FreeRTOS/Source/portable/GCC/ARM_CM3 -O0 -ffunction-sections -fdata-sections -Wall -fstack-usage -fcyclomatic-complexity -MMD -MP -MF"Middlewares/Third_Party/FreeRTOS/Source/timers.d" -MT"Middlewares/Third_Party/FreeRTOS/Source/timers.o" --specs=nano.specs -mfloat-abi=soft -mthumb -o "Middlewares/Third_Party/FreeRTOS/Source/timers.o"
arm-none-eabi-gcc "../Core/Src/freertos.c" -mcpu=cortex-m3 -std=gnu11 -g3 -DDEBUG -DUSE_HAL_DRIVER -DSTM32F103xB -c -I../Core/Inc -I../Drivers/STM32F1xx_HAL_Driver/Inc/Legacy -I../Drivers/STM32F1xx_HAL_Driver/Inc -I../Drivers/CMSIS/Device/ST/STM32F1xx/Include -I../Drivers/CMSIS/Include -I../Middlewares/Third_Party/FreeRTOS/Source/include -I../Middlewares/Third_Party/FreeRTOS/Source/CMSIS_RTOS -I../Middlewares/Third_Party/FreeRTOS/Source/portable/GCC/ARM_CM3 -O0 -ffunction-sections -fdata-sections -Wall -fstack-usage -fcyclomatic-complexity -MMD -MP -MF"Core/Src/freertos.d" -MT"Core/Src/freertos.o" --specs=nano.specs -mfloat-abi=soft -mthumb -o "Core/Src/freertos.o"
arm-none-eabi-gcc "../Core/Src/main.c" -mcpu=cortex-m3 -std=gnu11 -g3 -DDEBUG -DUSE_HAL_DRIVER -DSTM32F103xB -c -I../Core/Inc -I../Drivers/STM32F1xx_HAL_Driver/Inc/Legacy -I../Drivers/STM32F1xx_HAL_Driver/Inc -I../Drivers/CMSIS/Device/ST/STM32F1xx/Include -I../Drivers/CMSIS/Include -I../Middlewares/Third_Party/FreeRTOS/Source/include -I../Middlewares/Third_Party/FreeRTOS/Source/CMSIS_RTOS -I../Middlewares/Third_Party/FreeRTOS/Source/portable/GCC/ARM_CM3 -O0 -ffunction-sections -fdata-sections -Wall -fstack-usage -fcyclomatic-complexity -MMD -MP -MF"Core/Src/main.d" -MT"Core/Src/main.o" --specs=nano.specs -mfloat-abi=soft -mthumb -o "Core/Src/main.o"
arm-none-eabi-g++ "../Core/Src/myMain.cpp" -mcpu=cortex-m3 -std=gnu++14 -g3 -DDEBUG -DUSE_HAL_DRIVER -DSTM32F103xB -c -I../Core/Inc -I"D:/ProjectTKVT/FinalTKVT/projectTKVT/Application/Inc/Libs/sensor" -I"D:/ProjectTKVT/FinalTKVT/projectTKVT/Application/Inc/Libs" -I"D:/ProjectTKVT/FinalTKVT/projectTKVT/Application/Inc" -I"D:/ProjectTKVT/FinalTKVT/projectTKVT/Application" -I../Drivers/STM32F1xx_HAL_Driver/Inc/Legacy -I../Drivers/STM32F1xx_HAL_Driver/Inc -I../Drivers/CMSIS/Device/ST/STM32F1xx/Include -I../Drivers/CMSIS/Include -I../Middlewares/Third_Party/FreeRTOS/Source/include -I../Middlewares/Third_Party/FreeRTOS/Source/CMSIS_RTOS -I../Middlewares/Third_Party/FreeRTOS/Source/portable/GCC/ARM_CM3 -O0 -ffunction-sections -fdata-sections -fno-exceptions -fno-rtti -fno-use-cxa-atexit -Wall -fstack-usage -fcyclomatic-complexity -MMD -MP -MF"Core/Src/myMain.d" -MT"Core/Src/myMain.o" --specs=nano.specs -mfloat-abi=soft -mthumb -o "Core/Src/myMain.o"
arm-none-eabi-g++ "../Application/Src/BME280Task.cpp" -mcpu=cortex-m3 -std=gnu++14 -g3 -DDEBUG -DUSE_HAL_DRIVER -DSTM32F103xB -c -I../Core/Inc -I"D:/ProjectTKVT/FinalTKVT/projectTKVT/Application/Inc/Libs/sensor" -I"D:/ProjectTKVT/FinalTKVT/projectTKVT/Application/Inc/Libs" -I"D:/ProjectTKVT/FinalTKVT/projectTKVT/Application/Inc" -I"D:/ProjectTKVT/FinalTKVT/projectTKVT/Application" -I../Drivers/STM32F1xx_HAL_Driver/Inc/Legacy -I../Drivers/STM32F1xx_HAL_Driver/Inc -I../Drivers/CMSIS/Device/ST/STM32F1xx/Include -I../Drivers/CMSIS/Include -I../Middlewares/Third_Party/FreeRTOS/Source/include -I../Middlewares/Third_Party/FreeRTOS/Source/CMSIS_RTOS -I../Middlewares/Third_Party/FreeRTOS/Source/portable/GCC/ARM_CM3 -O0 -ffunction-sections -fdata-sections -fno-exceptions -fno-rtti -fno-use-cxa-atexit -Wall -fstack-usage -fcyclomatic-complexity -MMD -MP -MF"Application/Src/BME280Task.d" -MT"Application/Src/BME280Task.o" --specs=nano.specs -mfloat-abi=soft -mthumb -o "Application/Src/BME280Task.o"
arm-none-eabi-g++ "../Application/Src/GPSTask.cpp" -mcpu=cortex-m3 -std=gnu++14 -g3 -DDEBUG -DUSE_HAL_DRIVER -DSTM32F103xB -c -I../Core/Inc -I"D:/ProjectTKVT/FinalTKVT/projectTKVT/Application/Inc/Libs/sensor" -I"D:/ProjectTKVT/FinalTKVT/projectTKVT/Application/Inc/Libs" -I"D:/ProjectTKVT/FinalTKVT/projectTKVT/Application/Inc" -I"D:/ProjectTKVT/FinalTKVT/projectTKVT/Application" -I../Drivers/STM32F1xx_HAL_Driver/Inc/Legacy -I../Drivers/STM32F1xx_HAL_Driver/Inc -I../Drivers/CMSIS/Device/ST/STM32F1xx/Include -I../Drivers/CMSIS/Include -I../Middlewares/Third_Party/FreeRTOS/Source/include -I../Middlewares/Third_Party/FreeRTOS/Source/CMSIS_RTOS -I../Middlewares/Third_Party/FreeRTOS/Source/portable/GCC/ARM_CM3 -O0 -ffunction-sections -fdata-sections -fno-exceptions -fno-rtti -fno-use-cxa-atexit -Wall -fstack-usage -fcyclomatic-complexity -MMD -MP -MF"Application/Src/GPSTask.d" -MT"Application/Src/GPSTask.o" --specs=nano.specs -mfloat-abi=soft -mthumb -o "Application/Src/GPSTask.o"
arm-none-eabi-g++ "../Application/Src/IMUTask.cpp" -mcpu=cortex-m3 -std=gnu++14 -g3 -DDEBUG -DUSE_HAL_DRIVER -DSTM32F103xB -c -I../Core/Inc -I"D:/ProjectTKVT/FinalTKVT/projectTKVT/Application/Inc/Libs/sensor" -I"D:/ProjectTKVT/FinalTKVT/projectTKVT/Application/Inc/Libs" -I"D:/ProjectTKVT/FinalTKVT/projectTKVT/Application/Inc" -I"D:/ProjectTKVT/FinalTKVT/projectTKVT/Application" -I../Drivers/STM32F1xx_HAL_Driver/Inc/Legacy -I../Drivers/STM32F1xx_HAL_Driver/Inc -I../Drivers/CMSIS/Device/ST/STM32F1xx/Include -I../Drivers/CMSIS/Include -I../Middlewares/Third_Party/FreeRTOS/Source/include -I../Middlewares/Third_Party/FreeRTOS/Source/CMSIS_RTOS -I../Middlewares/Third_Party/FreeRTOS/Source/portable/GCC/ARM_CM3 -O0 -ffunction-sections -fdata-sections -fno-exceptions -fno-rtti -fno-use-cxa-atexit -Wall -fstack-usage -fcyclomatic-complexity -MMD -MP -MF"Application/Src/IMUTask.d" -MT"Application/Src/IMUTask.o" --specs=nano.specs -mfloat-abi=soft -mthumb -o "Application/Src/IMUTask.o"
arm-none-eabi-g++ "../Application/Src/LoraComunicationTask.cpp" -mcpu=cortex-m3 -std=gnu++14 -g3 -DDEBUG -DUSE_HAL_DRIVER -DSTM32F103xB -c -I../Core/Inc -I"D:/ProjectTKVT/FinalTKVT/projectTKVT/Application/Inc/Libs/sensor" -I"D:/ProjectTKVT/FinalTKVT/projectTKVT/Application/Inc/Libs" -I"D:/ProjectTKVT/FinalTKVT/projectTKVT/Application/Inc" -I"D:/ProjectTKVT/FinalTKVT/projectTKVT/Application" -I../Drivers/STM32F1xx_HAL_Driver/Inc/Legacy -I../Drivers/STM32F1xx_HAL_Driver/Inc -I../Drivers/CMSIS/Device/ST/STM32F1xx/Include -I../Drivers/CMSIS/Include -I../Middlewares/Third_Party/FreeRTOS/Source/include -I../Middlewares/Third_Party/FreeRTOS/Source/CMSIS_RTOS -I../Middlewares/Third_Party/FreeRTOS/Source/portable/GCC/ARM_CM3 -O0 -ffunction-sections -fdata-sections -fno-exceptions -fno-rtti -fno-use-cxa-atexit -Wall -fstack-usage -fcyclomatic-complexity -MMD -MP -MF"Application/Src/LoraComunicationTask.d" -MT"Application/Src/LoraComunicationTask.o" --specs=nano.specs -mfloat-abi=soft -mthumb -o "Application/Src/LoraComunicationTask.o"
arm-none-eabi-g++ "../Application/Src/MicroSDTask.cpp" -mcpu=cortex-m3 -std=gnu++14 -g3 -DDEBUG -DUSE_HAL_DRIVER -DSTM32F103xB -c -I../Core/Inc -I"D:/ProjectTKVT/FinalTKVT/projectTKVT/Application/Inc/Libs/sensor" -I"D:/ProjectTKVT/FinalTKVT/projectTKVT/Application/Inc/Libs" -I"D:/ProjectTKVT/FinalTKVT/projectTKVT/Application/Inc" -I"D:/ProjectTKVT/FinalTKVT/projectTKVT/Application" -I../Drivers/STM32F1xx_HAL_Driver/Inc/Legacy -I../Drivers/STM32F1xx_HAL_Driver/Inc -I../Drivers/CMSIS/Device/ST/STM32F1xx/Include -I../Drivers/CMSIS/Include -I../Middlewares/Third_Party/FreeRTOS/Source/include -I../Middlewares/Third_Party/FreeRTOS/Source/CMSIS_RTOS -I../Middlewares/Third_Party/FreeRTOS/Source/portable/GCC/ARM_CM3 -O0 -ffunction-sections -fdata-sections -fno-exceptions -fno-rtti -fno-use-cxa-atexit -Wall -fstack-usage -fcyclomatic-complexity -MMD -MP -MF"Application/Src/MicroSDTask.d" -MT"Application/Src/MicroSDTask.o" --specs=nano.specs -mfloat-abi=soft -mthumb -o "Application/Src/MicroSDTask.o"
arm-none-eabi-g++ "../Application/Src/PM25Task.cpp" -mcpu=cortex-m3 -std=gnu++14 -g3 -DDEBUG -DUSE_HAL_DRIVER -DSTM32F103xB -c -I../Core/Inc -I"D:/ProjectTKVT/FinalTKVT/projectTKVT/Application/Inc/Libs/sensor" -I"D:/ProjectTKVT/FinalTKVT/projectTKVT/Application/Inc/Libs" -I"D:/ProjectTKVT/FinalTKVT/projectTKVT/Application/Inc" -I"D:/ProjectTKVT/FinalTKVT/projectTKVT/Application" -I../Drivers/STM32F1xx_HAL_Driver/Inc/Legacy -I../Drivers/STM32F1xx_HAL_Driver/Inc -I../Drivers/CMSIS/Device/ST/STM32F1xx/Include -I../Drivers/CMSIS/Include -I../Middlewares/Third_Party/FreeRTOS/Source/include -I../Middlewares/Third_Party/FreeRTOS/Source/CMSIS_RTOS -I../Middlewares/Third_Party/FreeRTOS/Source/portable/GCC/ARM_CM3 -O0 -ffunction-sections -fdata-sections -fno-exceptions -fno-rtti -fno-use-cxa-atexit -Wall -fstack-usage -fcyclomatic-complexity -MMD -MP -MF"Application/Src/PM25Task.d" -MT"Application/Src/PM25Task.o" --specs=nano.specs -mfloat-abi=soft -mthumb -o "Application/Src/PM25Task.o"
arm-none-eabi-g++ "../Application/Src/common.cpp" -mcpu=cortex-m3 -std=gnu++14 -g3 -DDEBUG -DUSE_HAL_DRIVER -DSTM32F103xB -c -I../Core/Inc -I"D:/ProjectTKVT/FinalTKVT/projectTKVT/Application/Inc/Libs/sensor" -I"D:/ProjectTKVT/FinalTKVT/projectTKVT/Application/Inc/Libs" -I"D:/ProjectTKVT/FinalTKVT/projectTKVT/Application/Inc" -I"D:/ProjectTKVT/FinalTKVT/projectTKVT/Application" -I../Drivers/STM32F1xx_HAL_Driver/Inc/Legacy -I../Drivers/STM32F1xx_HAL_Driver/Inc -I../Drivers/CMSIS/Device/ST/STM32F1xx/Include -I../Drivers/CMSIS/Include -I../Middlewares/Third_Party/FreeRTOS/Source/include -I../Middlewares/Third_Party/FreeRTOS/Source/CMSIS_RTOS -I../Middlewares/Third_Party/FreeRTOS/Source/portable/GCC/ARM_CM3 -O0 -ffunction-sections -fdata-sections -fno-exceptions -fno-rtti -fno-use-cxa-atexit -Wall -fstack-usage -fcyclomatic-complexity -MMD -MP -MF"Application/Src/common.d" -MT"Application/Src/common.o" --specs=nano.specs -mfloat-abi=soft -mthumb -o "Application/Src/common.o"
../Application/Src/BME280Task.cpp: In member function 'void readBME280Task::readData()':
../Application/Src/BME280Task.cpp:39:41: note: '#pragma message: chưa viết hàm đọc BME'
   39 | #pragma message ("chưa viết hàm đọc BME")
      |                                         ^
../Application/Src/IMUTask.cpp: In member function 'void readRawDataIMUTask::readData()':
../Application/Src/IMUTask.cpp:40:41: note: '#pragma message: chua viet ham doc IMU'
   40 | #pragma message ("chua viet ham doc IMU")
      |                                         ^
../Application/Src/PM25Task.cpp: In member function 'void readPM25Task::readData()':
../Application/Src/PM25Task.cpp:35:42: note: '#pragma message: Chưa viết hàm đọc Pm25'
   35 | #pragma message ("Chưa viết hàm đọc Pm25")
      |                                          ^
../Application/Src/MicroSDTask.cpp: In member function 'void logDataTask::processTask()':
../Application/Src/MicroSDTask.cpp:22:42: note: '#pragma message: chưa viết hàm log data'
   22 | #pragma message ("chưa viết hàm log data")
      |                                          ^
arm-none-eabi-g++ -o "projectTKVT.elf" @"objects.list"   -mcpu=cortex-m3 -T"D:\ProjectTKVT\FinalTKVT\projectTKVT\STM32F103C8TX_FLASH.ld" --specs=nosys.specs -Wl,-Map="projectTKVT.map" -Wl,--gc-sections -static --specs=nano.specs -mfloat-abi=soft -mthumb -Wl,--start-group -lc -lm -lstdc++ -lsupc++ -Wl,--end-group
Finished building target: projectTKVT.elf
 
arm-none-eabi-size  projectTKVT.elf 
arm-none-eabi-objdump -h -S projectTKVT.elf  > "projectTKVT.list"
   text	   data	    bss	    dec	    hex	filename
  43048	    472	  16784	  60304	   eb90	projectTKVT.elf
Finished building: default.size.stdout
 
Finished building: projectTKVT.list
 
09:58:28 **** Incremental Build of configuration Debug for project projectTKVT ****
make -j20 all 
arm-none-eabi-gcc "../Core/Src/main.c" -mcpu=cortex-m3 -std=gnu11 -g3 -DDEBUG -DUSE_HAL_DRIVER -DSTM32F103xB -c -I../Core/Inc -I../Drivers/STM32F1xx_HAL_Driver/Inc/Legacy -I../Drivers/STM32F1xx_HAL_Driver/Inc -I../Drivers/CMSIS/Device/ST/STM32F1xx/Include -I../Drivers/CMSIS/Include -I../Middlewares/Third_Party/FreeRTOS/Source/include -I../Middlewares/Third_Party/FreeRTOS/Source/CMSIS_RTOS -I../Middlewares/Third_Party/FreeRTOS/Source/portable/GCC/ARM_CM3 -O0 -ffunction-sections -fdata-sections -Wall -fstack-usage -fcyclomatic-complexity -MMD -MP -MF"Core/Src/main.d" -MT"Core/Src/main.o" --specs=nano.specs -mfloat-abi=soft -mthumb -o "Core/Src/main.o"
arm-none-eabi-g++ -o "projectTKVT.elf" @"objects.list"   -mcpu=cortex-m3 -T"D:\ProjectTKVT\FinalTKVT\projectTKVT\STM32F103C8TX_FLASH.ld" --specs=nosys.specs -Wl,-Map="projectTKVT.map" -Wl,--gc-sections -static --specs=nano.specs -mfloat-abi=soft -mthumb -Wl,--start-group -lc -lm -lstdc++ -lsupc++ -Wl,--end-group
Finished building target: projectTKVT.elf
 
arm-none-eabi-size  projectTKVT.elf 
arm-none-eabi-objdump -h -S projectTKVT.elf  > "projectTKVT.list"
   text	   data	    bss	    dec	    hex	filename
  42280	    472	  16776	  59528	   e888	projectTKVT.elf
Finished building: default.size.stdout
 
Finished building: projectTKVT.list
 
10:01:52 **** Incremental Build of configuration Debug for project projectTKVT ****
make -j20 all 
arm-none-eabi-gcc "../Core/Src/main.c" -mcpu=cortex-m3 -std=gnu11 -g3 -DDEBUG -DUSE_HAL_DRIVER -DSTM32F103xB -c -I../Core/Inc -I../Drivers/STM32F1xx_HAL_Driver/Inc/Legacy -I../Drivers/STM32F1xx_HAL_Driver/Inc -I../Drivers/CMSIS/Device/ST/STM32F1xx/Include -I../Drivers/CMSIS/Include -I../Middlewares/Third_Party/FreeRTOS/Source/include -I../Middlewares/Third_Party/FreeRTOS/Source/CMSIS_RTOS -I../Middlewares/Third_Party/FreeRTOS/Source/portable/GCC/ARM_CM3 -O0 -ffunction-sections -fdata-sections -Wall -fstack-usage -fcyclomatic-complexity -MMD -MP -MF"Core/Src/main.d" -MT"Core/Src/main.o" --specs=nano.specs -mfloat-abi=soft -mthumb -o "Core/Src/main.o"
arm-none-eabi-g++ -o "projectTKVT.elf" @"objects.list"   -mcpu=cortex-m3 -T"D:\ProjectTKVT\FinalTKVT\projectTKVT\STM32F103C8TX_FLASH.ld" --specs=nosys.specs -Wl,-Map="projectTKVT.map" -Wl,--gc-sections -static --specs=nano.specs -mfloat-abi=soft -mthumb -Wl,--start-group -lc -lm -lstdc++ -lsupc++ -Wl,--end-group
Finished building target: projectTKVT.elf
 
arm-none-eabi-size  projectTKVT.elf 
arm-none-eabi-objdump -h -S projectTKVT.elf  > "projectTKVT.list"
   text	   data	    bss	    dec	    hex	filename
  42280	    472	  16776	  59528	   e888	projectTKVT.elf
Finished building: default.size.stdout
 
Finished building: projectTKVT.list
 
10:04:07 **** Incremental Build of configuration Debug for project projectTKVT ****
make -j20 all 
arm-none-eabi-gcc "../Core/Src/main.c" -mcpu=cortex-m3 -std=gnu11 -g3 -DDEBUG -DUSE_HAL_DRIVER -DSTM32F103xB -c -I../Core/Inc -I../Drivers/STM32F1xx_HAL_Driver/Inc/Legacy -I../Drivers/STM32F1xx_HAL_Driver/Inc -I../Drivers/CMSIS/Device/ST/STM32F1xx/Include -I../Drivers/CMSIS/Include -I../Middlewares/Third_Party/FreeRTOS/Source/include -I../Middlewares/Third_Party/FreeRTOS/Source/CMSIS_RTOS -I../Middlewares/Third_Party/FreeRTOS/Source/portable/GCC/ARM_CM3 -O0 -ffunction-sections -fdata-sections -Wall -fstack-usage -fcyclomatic-complexity -MMD -MP -MF"Core/Src/main.d" -MT"Core/Src/main.o" --specs=nano.specs -mfloat-abi=soft -mthumb -o "Core/Src/main.o"
arm-none-eabi-g++ -o "projectTKVT.elf" @"objects.list"   -mcpu=cortex-m3 -T"D:\ProjectTKVT\FinalTKVT\projectTKVT\STM32F103C8TX_FLASH.ld" --specs=nosys.specs -Wl,-Map="projectTKVT.map" -Wl,--gc-sections -static --specs=nano.specs -mfloat-abi=soft -mthumb -Wl,--start-group -lc -lm -lstdc++ -lsupc++ -Wl,--end-group
Finished building target: projectTKVT.elf
 
arm-none-eabi-size  projectTKVT.elf 
arm-none-eabi-objdump -h -S projectTKVT.elf  > "projectTKVT.list"
   text	   data	    bss	    dec	    hex	filename
  43048	    472	  16784	  60304	   eb90	projectTKVT.elf
Finished building: default.size.stdout
 
Finished building: projectTKVT.list
 
10:06:44 **** Incremental Build of configuration Debug for project projectTKVT ****
make -j20 all 
arm-none-eabi-size  projectTKVT.elf 
   text	   data	    bss	    dec	    hex	filename
  43048	    472	  16784	  60304	   eb90	projectTKVT.elf
Finished building: default.size.stdout
 
10:14:03 **** Incremental Build of configuration Debug for project projectTKVT ****
make -j20 all 
arm-none-eabi-g++ "../Core/Src/myMain.cpp" -mcpu=cortex-m3 -std=gnu++14 -g3 -DDEBUG -DUSE_HAL_DRIVER -DSTM32F103xB -c -I../Core/Inc -I"D:/ProjectTKVT/FinalTKVT/projectTKVT/Application/Inc/Libs/sensor" -I"D:/ProjectTKVT/FinalTKVT/projectTKVT/Application/Inc/Libs" -I"D:/ProjectTKVT/FinalTKVT/projectTKVT/Application/Inc" -I"D:/ProjectTKVT/FinalTKVT/projectTKVT/Application" -I../Drivers/STM32F1xx_HAL_Driver/Inc/Legacy -I../Drivers/STM32F1xx_HAL_Driver/Inc -I../Drivers/CMSIS/Device/ST/STM32F1xx/Include -I../Drivers/CMSIS/Include -I../Middlewares/Third_Party/FreeRTOS/Source/include -I../Middlewares/Third_Party/FreeRTOS/Source/CMSIS_RTOS -I../Middlewares/Third_Party/FreeRTOS/Source/portable/GCC/ARM_CM3 -O0 -ffunction-sections -fdata-sections -fno-exceptions -fno-rtti -fno-use-cxa-atexit -Wall -fstack-usage -fcyclomatic-complexity -MMD -MP -MF"Core/Src/myMain.d" -MT"Core/Src/myMain.o" --specs=nano.specs -mfloat-abi=soft -mthumb -o "Core/Src/myMain.o"
arm-none-eabi-g++ -o "projectTKVT.elf" @"objects.list"   -mcpu=cortex-m3 -T"D:\ProjectTKVT\FinalTKVT\projectTKVT\STM32F103C8TX_FLASH.ld" --specs=nosys.specs -Wl,-Map="projectTKVT.map" -Wl,--gc-sections -static --specs=nano.specs -mfloat-abi=soft -mthumb -Wl,--start-group -lc -lm -lstdc++ -lsupc++ -Wl,--end-group
Finished building target: projectTKVT.elf
 
arm-none-eabi-size  projectTKVT.elf 
arm-none-eabi-objdump -h -S projectTKVT.elf  > "projectTKVT.list"
   text	   data	    bss	    dec	    hex	filename
  43048	    472	  16784	  60304	   eb90	projectTKVT.elf
Finished building: default.size.stdout
 
Finished building: projectTKVT.list
 
