10:14:03 **** Incremental Build of configuration Debug for project projectTKVT ****
make -j20 all 
arm-none-eabi-g++ "../Core/Src/myMain.cpp" -mcpu=cortex-m3 -std=gnu++14 -g3 -DDEBUG -DUSE_HAL_DRIVER -DSTM32F103xB -c -I../Core/Inc -I"D:/ProjectTKVT/FinalTKVT/projectTKVT/Application/Inc/Libs/sensor" -I"D:/ProjectTKVT/FinalTKVT/projectTKVT/Application/Inc/Libs" -I"D:/ProjectTKVT/FinalTKVT/projectTKVT/Application/Inc" -I"D:/ProjectTKVT/FinalTKVT/projectTKVT/Application" -I../Drivers/STM32F1xx_HAL_Driver/Inc/Legacy -I../Drivers/STM32F1xx_HAL_Driver/Inc -I../Drivers/CMSIS/Device/ST/STM32F1xx/Include -I../Drivers/CMSIS/Include -I../Middlewares/Third_Party/FreeRTOS/Source/include -I../Middlewares/Third_Party/FreeRTOS/Source/CMSIS_RTOS -I../Middlewares/Third_Party/FreeRTOS/Source/portable/GCC/ARM_CM3 -O0 -ffunction-sections -fdata-sections -fno-exceptions -fno-rtti -fno-use-cxa-atexit -Wall -fstack-usage -fcyclomatic-complexity -MMD -MP -MF"Core/Src/myMain.d" -MT"Core/Src/myMain.o" --specs=nano.specs -mfloat-abi=soft -mthumb -o "Core/Src/myMain.o"
arm-none-eabi-g++ -o "projectTKVT.elf" @"objects.list"   -mcpu=cortex-m3 -T"D:\ProjectTKVT\FinalTKVT\projectTKVT\STM32F103C8TX_FLASH.ld" --specs=nosys.specs -Wl,-Map="projectTKVT.map" -Wl,--gc-sections -static --specs=nano.specs -mfloat-abi=soft -mthumb -Wl,--start-group -lc -lm -lstdc++ -lsupc++ -Wl,--end-group
Finished building target: projectTKVT.elf
 
arm-none-eabi-size  projectTKVT.elf 
arm-none-eabi-objdump -h -S projectTKVT.elf  > "projectTKVT.list"
   text	   data	    bss	    dec	    hex	filename
  43048	    472	  16784	  60304	   eb90	projectTKVT.elf
Finished building: default.size.stdout
 
Finished building: projectTKVT.list
 

10:14:04 Build Finished. 0 errors, 0 warnings. (took 909ms)

